<html>
<body>
<pre>
<h1>µVision Build Log</h1>
<h2>Tool Versions:</h2>
IDE-Version: µVision V5.29.0.0
Copyright (C) 2019 ARM Ltd and ARM Germany GmbH. All rights reserved.
License Information: Alexander Grishin, DSaC, LIC=----
 
Tool Versions:
Toolchain:       MDK-Lite  Version: 5.29.0.0
Toolchain Path:  C:\Keil_v5\ARM\ARMCC\Bin
C Compiler:      Armcc.exe V5.06 update 3 (build 300)
Assembler:       Armasm.exe V5.06 update 3 (build 300)
Linker/Locator:  ArmLink.exe V5.06 update 3 (build 300)
Library Manager: ArmAr.exe V5.06 update 3 (build 300)
Hex Converter:   FromElf.exe V5.06 update 3 (build 300)
CPU DLL:         SARMCM3.DLL V5.29.0.0
Dialog DLL:      DARMCM1.DLL V1.19.2.0
Target DLL:      STLink\ST-LINKIII-KEIL_SWO.dll V3.0.7.0
Dialog DLL:      TARMCM1.DLL V1.14.1.0
 
<h2>Project:</h2>
C:\Keil_v5\workspace\AistTransformer_v2\MDK-ARM\TransformerAist.uvprojx
Project File Date:  11/30/2019

<h2>Output:</h2>
*** Using Compiler 'V5.06 update 3 (build 300)', folder: 'C:\Keil_v5\ARM\ARMCC\Bin'
Build target 'TransformerAist'
assembling startup_stm32l031xx.s...
compiling stm32l0xx_it.c...
compiling stm32l0xx_hal_pwr.c...
compiling stm32l0xx_hal_msp.c...
compiling stm32l0xx_hal_i2c_ex.c...
compiling stm32l0xx_hal_dma.c...
compiling stm32l0xx_hal_rcc.c...
compiling stm32l0xx_hal_adc_ex.c...
compiling stm32l0xx_hal_gpio.c...
compiling main.c...
../Src/main.c(398): warning:  #177-D: variable "sMasterConfig" was declared but never referenced
  	TIM_MasterConfigTypeDef sMasterConfig;
../Src/main.c(399): warning:  #177-D: variable "sClockSourceConfig" was declared but never referenced
  	TIM_ClockConfigTypeDef sClockSourceConfig;
../Src/main.c(424): warning:  #177-D: variable "sMasterConfig" was declared but never referenced
  	TIM_MasterConfigTypeDef sMasterConfig;
../Src/main.c(425): warning:  #177-D: variable "sClockSourceConfig" was declared but never referenced
  	TIM_ClockConfigTypeDef sClockSourceConfig;
../Src/main.c(719): warning:  #177-D: variable "rms_st" was declared but never referenced
  	uint8_t rms_st=0;
../Src/main.c(720): warning:  #177-D: variable "max_st" was declared but never referenced
  	uint8_t max_st=0;
../Src/main.c(723): warning:  #177-D: variable "rms_t" was declared but never referenced
  	uint8_t rms_t=0;
../Src/main.c(724): warning:  #177-D: variable "max_t" was declared but never referenced
  	uint8_t max_t=0;
../Src/main.c(725): warning:  #177-D: variable "hz_t" was declared but never referenced
  	uint8_t hz_t=0;
../Src/main.c(422): warning:  #177-D: function "MX_TIM22_Init" was declared but never referenced
  static void MX_TIM22_Init(void)
../Src/main.c: 10 warnings, 0 errors
compiling stm32l0xx_hal_uart_ex.c...
compiling stm32l0xx_hal_adc.c...
compiling stm32l0xx_hal_tim_ex.c...
compiling stm32l0xx_hal_flash_ramfunc.c...
compiling stm32l0xx_hal_rcc_ex.c...
compiling stm32l0xx_hal_flash_ex.c...
compiling stm32l0xx_hal_uart.c...
compiling stm32l0xx_hal_flash.c...
compiling stm32l0xx_hal_cortex.c...
compiling stm32l0xx_hal.c...
compiling stm32l0xx_hal_tim.c...
compiling stm32l0xx_hal_i2c.c...
compiling stm32l0xx_hal_iwdg.c...
compiling system_stm32l0xx.c...
compiling stm32l0xx_hal_pwr_ex.c...
compiling stm32l0xx_hal_lptim.c...
compiling stm32l0xx_hal_rtc_ex.c...
compiling stm32l0xx_hal_rtc.c...
linking...
Program Size: Code=17680 RO-data=948 RW-data=112 ZI-data=1784  
FromELF: creating hex file...
"TransformerAist\TransformerAist.axf" - 0 Error(s), 10 Warning(s).

<h2>Software Packages used:</h2>

Package Vendor: ARM
                http://www.keil.com/pack/ARM.CMSIS.5.6.0.pack
                ARM.CMSIS.5.6.0
                CMSIS (Cortex Microcontroller Software Interface Standard)
   * Component: CORE Version: 5.3.0

Package Vendor: Keil
                http://www.keil.com/pack/Keil.STM32L0xx_DFP.2.0.1.pack
                Keil.STM32L0xx_DFP.2.0.1
                STMicroelectronics STM32L0 Series Device Support, Drivers and Examples

<h2>Collection of Component include folders:</h2>
  .\RTE\_TransformerAist
  C:\Users\AlexanderGrishin\AppData\Local\Arm\Packs\ARM\CMSIS\5.6.0\CMSIS\Core\Include
  C:\Users\AlexanderGrishin\AppData\Local\Arm\Packs\Keil\STM32L0xx_DFP\2.0.1\Drivers\CMSIS\Device\ST\STM32L0xx\Include

<h2>Collection of Component Files used:</h2>

   * Component: ARM::CMSIS:CORE:5.3.0
Build Time Elapsed:  00:00:17
</pre>
</body>
</html>
